
Reaction: Ar + e -> Ar + e
  id: 0
  expression: Ar + e -> Ar + e
  latex: Ar + e $\rightarrow$ Ar + e
  delta-eps-e: 0 [eV]
  delta-eps-g: 0 [eV]
  is elastic: true
  has tabulated data: true
  references:
    lymberopoulos1993fluid
  notes:
  reactants:
    - species: e
      stoic coeff: 0
    - species: Ar
      stoic coeff: 0
  products:
    - species: e
      stoic coeff: 0
    - species: Ar
      stoic coeff: 0
