
SubSpecies: Polypeptide2-100(test)
  base: Polypeptide
  name: Polypeptide2-100(test)
  neutral ground state: Polypeptide2
  latex: Polypeptide$_{2}$$^{-100}$(test)
  mass: 3.32117e-24 [kg]
  molar mass:2000.05 [g/mol]
  charge number: -100
  charge: -1.60218e-17 [C]
  modifier: (test)
  subscript: 2
